---
source: tests/test_record_samples.rs
expression: "&value"
---
{
  "Event_attributes": {
    "xmlns": "http://schemas.microsoft.com/win/2004/08/events/event"
  },
  "Event": {
    "System": {
      "Provider_attributes": {
        "Name": "MSExchange CmdletLogs"
      },
      "EventID_attributes": {
        "Qualifiers": "16384"
      },
      "EventID": "1",
      "Level": "4",
      "Task": "1",
      "Keywords": "0x80000000000000",
      "TimeCreated_attributes": {
        "SystemTime": "2021-11-19T16:52:33.833733500Z"
      },
      "EventRecordID": "3229",
      "Channel": "MSExchange Management",
      "Computer": "WEC.ave.local",
      "Security": null
    },
    "EventData": {
      "Data": "Set-Mailbox-Identity \"Administrateur\" -DeliverToMailboxAndForward \"False\" -ForwardingSmtpAddress \"smtp:test2@example.com\"ave.local/Users/AdministrateurS-1-5-21-186559946-3925841745-111227986-500S-1-5-21-186559946-3925841745-111227986-500Remote-ManagementShell-Unknown5668 w3wp#MSExchangePowerShellAppPool500:00:26.0389557Afficher la forêt entière : 'False', Portée par défaut : « ave.local », Configuration du contrôleur de domaine : « DC.ave.local », Catalogue global préféré : « DC.ave.local », Contrôleurs de domaine préférés : « { DC.ave.local } »False0 objects execution has been proxied to remote server.0ActivityId: a3591746-a27b-447a-b8be-ff54ae3a46f1ServicePlan:;IsAdmin:True;fr-FR"
    }
  }
}
